2026/08/14 10:49:21 headroom schedule for P0-B (λ_L=1000):
2026/08/14 10:49:21   atSec=0 capacity=2000 headroom=1000
2026/08/14 10:49:21   atSec=20 capacity=1400 headroom=400
2026/08/14 10:49:21 resetting stream/consumer and downstream capacity
2026/08/14 10:49:21 started producer pid=584
2026/08/14 10:49:21 started consumer pid=586
2026/08/14 10:49:21 live injector started rate=1000 (open-loop, maxInFlight=4096)
2026/08/14 10:49:21 warmup 30s
2026/08/14 10:49:21 [producer] 2026/08/14 10:49:21 producer ready stream=EVENTS subject=events.orders rate=1000/s
2026/08/14 10:49:21 [consumer] 2026/08/14 10:49:21 consumer started durable=rhc-consumer workers=1024 batch=256 restoreEpoch=1786632561095 rateLimit=0 out=results/p0b-pilot-arch2-consumer.jsonl
2026/08/14 10:49:22 [producer] 2026/08/14 10:49:22 published_total=828
2026/08/14 10:49:23 [producer] 2026/08/14 10:49:23 published_total=1828
2026/08/14 10:49:24 [producer] 2026/08/14 10:49:24 published_total=2825
2026/08/14 10:49:25 [producer] 2026/08/14 10:49:25 published_total=3826
2026/08/14 10:49:26 [producer] 2026/08/14 10:49:26 published_total=4712
2026/08/14 10:49:27 [producer] 2026/08/14 10:49:27 published_total=5637
2026/08/14 10:49:28 [producer] 2026/08/14 10:49:28 published_total=6635
2026/08/14 10:49:29 [producer] 2026/08/14 10:49:29 published_total=7629
2026/08/14 10:49:30 [producer] 2026/08/14 10:49:30 published_total=8623
2026/08/14 10:49:31 [producer] 2026/08/14 10:49:31 published_total=9617
2026/08/14 10:49:32 [producer] 2026/08/14 10:49:32 published_total=10360
2026/08/14 10:49:33 [producer] 2026/08/14 10:49:33 published_total=11351
2026/08/14 10:49:34 [producer] 2026/08/14 10:49:34 published_total=12344
2026/08/14 10:49:35 [producer] 2026/08/14 10:49:35 published_total=13336
2026/08/14 10:49:36 [producer] 2026/08/14 10:49:36 published_total=14321
2026/08/14 10:49:37 [producer] 2026/08/14 10:49:37 published_total=15307
2026/08/14 10:49:38 [producer] 2026/08/14 10:49:38 published_total=16285
2026/08/14 10:49:39 [producer] 2026/08/14 10:49:39 published_total=16984
2026/08/14 10:49:40 [producer] 2026/08/14 10:49:40 published_total=17972
2026/08/14 10:49:41 [producer] 2026/08/14 10:49:41 published_total=18959
2026/08/14 10:49:42 [producer] 2026/08/14 10:49:42 published_total=19939
2026/08/14 10:49:43 [producer] 2026/08/14 10:49:43 published_total=20923
2026/08/14 10:49:44 [producer] 2026/08/14 10:49:44 published_total=21902
2026/08/14 10:49:45 [producer] 2026/08/14 10:49:45 published_total=22878
2026/08/14 10:49:46 [producer] 2026/08/14 10:49:46 published_total=23857
2026/08/14 10:49:47 [producer] 2026/08/14 10:49:47 published_total=24750
2026/08/14 10:49:48 [producer] 2026/08/14 10:49:48 published_total=25722
2026/08/14 10:49:49 [producer] 2026/08/14 10:49:49 published_total=26692
2026/08/14 10:49:50 [producer] 2026/08/14 10:49:50 published_total=27658
2026/08/14 10:49:51 verifying healthy for 30s
2026/08/14 10:49:51 [producer] 2026/08/14 10:49:51 published_total=28603
2026/08/14 10:49:52 [producer] 2026/08/14 10:49:52 published_total=29530
2026/08/14 10:49:53 [producer] 2026/08/14 10:49:53 published_total=30471
2026/08/14 10:49:54 [producer] 2026/08/14 10:49:54 published_total=31425
2026/08/14 10:49:55 [producer] 2026/08/14 10:49:55 published_total=32387
2026/08/14 10:49:56 [producer] 2026/08/14 10:49:56 published_total=33340
2026/08/14 10:49:57 [producer] 2026/08/14 10:49:57 published_total=34285
2026/08/14 10:49:58 [producer] 2026/08/14 10:49:58 published_total=35228
2026/08/14 10:49:59 [producer] 2026/08/14 10:49:59 published_total=36173
2026/08/14 10:50:00 [producer] 2026/08/14 10:50:00 published_total=37121
2026/08/14 10:50:01 [producer] 2026/08/14 10:50:01 published_total=38069
2026/08/14 10:50:02 [producer] 2026/08/14 10:50:02 published_total=38949
2026/08/14 10:50:03 [producer] 2026/08/14 10:50:03 published_total=39869
2026/08/14 10:50:04 [producer] 2026/08/14 10:50:04 published_total=40773
2026/08/14 10:50:05 [producer] 2026/08/14 10:50:05 published_total=41683
2026/08/14 10:50:06 [producer] 2026/08/14 10:50:06 published_total=42639
2026/08/14 10:50:07 [producer] 2026/08/14 10:50:07 published_total=43607
2026/08/14 10:50:08 [producer] 2026/08/14 10:50:08 published_total=44560
2026/08/14 10:50:09 [producer] 2026/08/14 10:50:09 published_total=45522
2026/08/14 10:50:10 [producer] 2026/08/14 10:50:10 published_total=46463
2026/08/14 10:50:11 [producer] 2026/08/14 10:50:11 published_total=47404
2026/08/14 10:50:12 [producer] 2026/08/14 10:50:12 published_total=48279
2026/08/14 10:50:13 [producer] 2026/08/14 10:50:13 published_total=49230
2026/08/14 10:50:14 [producer] 2026/08/14 10:50:14 published_total=50135
2026/08/14 10:50:15 [producer] 2026/08/14 10:50:15 published_total=51077
2026/08/14 10:50:16 [producer] 2026/08/14 10:50:16 published_total=51926
2026/08/14 10:50:17 [producer] 2026/08/14 10:50:17 published_total=52882
2026/08/14 10:50:18 [producer] 2026/08/14 10:50:18 published_total=53849
2026/08/14 10:50:19 [producer] 2026/08/14 10:50:19 published_total=54801
2026/08/14 10:50:20 [producer] 2026/08/14 10:50:20 published_total=55718
2026/08/14 10:50:21 [producer] 2026/08/14 10:50:21 published_total=56640
2026/08/14 10:50:22 [producer] 2026/08/14 10:50:22 published_total=57582
2026/08/14 10:50:23 [producer] 2026/08/14 10:50:23 published_total=58506
2026/08/14 10:50:24 [producer] 2026/08/14 10:50:24 published_total=59440
2026/08/14 10:50:25 [producer] 2026/08/14 10:50:25 published_total=60390
2026/08/14 10:50:26 [producer] 2026/08/14 10:50:26 published_total=61340
2026/08/14 10:50:27 [producer] 2026/08/14 10:50:27 published_total=62295
2026/08/14 10:50:28 [producer] 2026/08/14 10:50:28 published_total=63259
2026/08/14 10:50:29 [producer] 2026/08/14 10:50:29 published_total=64221
2026/08/14 10:50:30 [producer] 2026/08/14 10:50:30 published_total=65174
2026/08/14 10:50:31 [producer] 2026/08/14 10:50:31 published_total=66135
2026/08/14 10:50:32 [producer] 2026/08/14 10:50:32 published_total=67043
2026/08/14 10:50:33 [producer] 2026/08/14 10:50:33 published_total=67817
2026/08/14 10:50:34 [producer] 2026/08/14 10:50:34 published_total=68747
2026/08/14 10:50:35 [producer] 2026/08/14 10:50:35 published_total=69687
2026/08/14 10:50:36 [producer] 2026/08/14 10:50:36 published_total=70657
2026/08/14 10:50:37 [producer] 2026/08/14 10:50:37 published_total=71621
2026/08/14 10:50:38 [producer] 2026/08/14 10:50:38 published_total=72503
2026/08/14 10:50:39 [producer] 2026/08/14 10:50:39 published_total=73457
2026/08/14 10:50:40 [producer] 2026/08/14 10:50:40 published_total=74405
2026/08/14 10:50:41 [producer] 2026/08/14 10:50:41 published_total=75367
2026/08/14 10:50:42 [producer] 2026/08/14 10:50:42 published_total=76313
2026/08/14 10:50:43 [producer] 2026/08/14 10:50:43 published_total=77270
2026/08/14 10:50:44 [producer] 2026/08/14 10:50:44 published_total=78180
2026/08/14 10:50:45 [producer] 2026/08/14 10:50:45 published_total=79136
2026/08/14 10:50:46 [producer] 2026/08/14 10:50:46 published_total=80087
2026/08/14 10:50:47 [producer] 2026/08/14 10:50:47 published_total=81051
2026/08/14 10:50:48 [producer] 2026/08/14 10:50:48 published_total=82003
2026/08/14 10:50:49 [producer] 2026/08/14 10:50:49 published_total=82955
2026/08/14 10:50:50 [producer] 2026/08/14 10:50:50 published_total=83898
2026/08/14 10:50:51 [producer] 2026/08/14 10:50:51 published_total=84848
2026/08/14 10:50:52 [producer] 2026/08/14 10:50:52 published_total=85724
2026/08/14 10:50:53 [producer] 2026/08/14 10:50:53 published_total=86685
2026/08/14 10:50:54 [producer] 2026/08/14 10:50:54 published_total=87644
2026/08/14 10:50:55 [producer] 2026/08/14 10:50:55 published_total=88604
2026/08/14 10:50:56 [producer] 2026/08/14 10:50:56 published_total=89547
2026/08/14 10:50:57 [producer] 2026/08/14 10:50:57 published_total=90498
2026/08/14 10:50:58 [producer] 2026/08/14 10:50:58 published_total=91431
2026/08/14 10:50:59 [producer] 2026/08/14 10:50:59 published_total=92353
2026/08/14 10:51:00 [producer] 2026/08/14 10:51:00 published_total=93297
2026/08/14 10:51:01 [producer] 2026/08/14 10:51:01 published_total=94231
2026/08/14 10:51:02 [producer] 2026/08/14 10:51:02 published_total=95032
2026/08/14 10:51:03 [producer] 2026/08/14 10:51:03 published_total=95992
2026/08/14 10:51:04 [producer] 2026/08/14 10:51:04 published_total=96876
2026/08/14 10:51:05 [producer] 2026/08/14 10:51:05 published_total=97834
2026/08/14 10:51:06 [producer] 2026/08/14 10:51:06 published_total=98794
2026/08/14 10:51:07 [producer] 2026/08/14 10:51:07 published_total=99722
2026/08/14 10:51:08 [producer] 2026/08/14 10:51:08 published_total=100676
2026/08/14 10:51:09 [producer] 2026/08/14 10:51:09 published_total=101619
2026/08/14 10:51:10 [producer] 2026/08/14 10:51:10 published_total=102573
2026/08/14 10:51:11 [producer] 2026/08/14 10:51:11 published_total=103512
2026/08/14 10:51:12 [producer] 2026/08/14 10:51:12 published_total=104441
2026/08/14 10:51:13 [producer] 2026/08/14 10:51:13 published_total=105309
2026/08/14 10:51:14 [producer] 2026/08/14 10:51:14 published_total=106243
2026/08/14 10:51:15 [producer] 2026/08/14 10:51:15 published_total=107185
2026/08/14 10:51:16 [producer] 2026/08/14 10:51:16 published_total=108129
2026/08/14 10:51:17 [producer] 2026/08/14 10:51:17 published_total=109083
2026/08/14 10:51:18 [producer] 2026/08/14 10:51:18 published_total=110030
2026/08/14 10:51:19 [producer] 2026/08/14 10:51:19 published_total=110980
2026/08/14 10:51:20 [producer] 2026/08/14 10:51:20 published_total=111931
2026/08/14 10:51:21 stopped pid=586
2026/08/14 10:51:21 abort: pre-outage unhealthy: liveP99=1789.0 err=0.020
