capacity=2000 queueCap=500 concurrency=10

=== offered=250 warmup=30s measure=1m0s ===
  achieved=249.7 p50=6 p90=8 p95=8 p99=9 frac=1.000 gp=249.7 to=0.000 err=0.000 qMean=0.2 qPeak=1 sloOK=true

=== offered=500 warmup=30s measure=1m0s ===
  achieved=499.2 p50=6 p90=7 p95=8 p99=9 frac=1.000 gp=499.2 to=0.000 err=0.000 qMean=0.1 qPeak=1 sloOK=true

=== offered=750 warmup=30s measure=1m0s ===
  achieved=748.8 p50=5 p90=7 p95=7 p99=8 frac=1.000 gp=748.8 to=0.000 err=0.000 qMean=0.1 qPeak=1 sloOK=true

=== offered=900 warmup=30s measure=1m0s ===
  achieved=899.3 p50=6 p90=7 p95=7 p99=8 frac=1.000 gp=899.3 to=0.000 err=0.000 qMean=0.1 qPeak=1 sloOK=true

=== offered=1000 warmup=30s measure=1m0s ===
  achieved=998.0 p50=5 p90=7 p95=7 p99=8 frac=1.000 gp=998.0 to=0.000 err=0.000 qMean=0.1 qPeak=6 sloOK=true

=== offered=1200 warmup=30s measure=1m0s ===
  achieved=1199.1 p50=5 p90=6 p95=7 p99=7 frac=1.000 gp=1199.1 to=0.000 err=0.000 qMean=0.1 qPeak=1 sloOK=true

=== offered=1400 warmup=30s measure=1m0s ===
  achieved=1399.0 p50=5 p90=6 p95=6 p99=7 frac=1.000 gp=1399.0 to=0.000 err=0.000 qMean=0.1 qPeak=1 sloOK=true

=== offered=1600 warmup=30s measure=1m0s ===
  achieved=1598.9 p50=5 p90=6 p95=6 p99=7 frac=1.000 gp=1598.9 to=0.000 err=0.000 qMean=0.1 qPeak=1 sloOK=true

=== SUMMARY ===
C_SLO,live (max offered with p99≤250 & err≤1%) = 1600 rps
λ_L=1000 is below C_SLO,live
G_SLO,live-only @987 ≈ 985.1 rps (at offered=1000: 998.0)
wrote results/probe1-live-only.json
